../Drivers/CMSIS/Include/core_cm4.h:2064:26:ITM_SendChar	16	static,ignoring_inline_asm
../Core/Src/main.c:66:6:buzzer	8	static
../Core/Src/main.c:77:6:init_weight	152	static
../Core/Src/main.c:104:7:measure_weight	16	static
../Core/Src/main.c:115:5:_write	32	static
../Core/Src/main.c:123:7:calculate	24	static
../Core/Src/main.c:132:5:get_time_in_seconds	40	static
../Core/Src/main.c:143:7:moving_average	72	static
../Core/Src/main.c:178:5:main	144	static
../Core/Src/main.c:292:6:SystemClock_Config	88	static
../Core/Src/main.c:340:13:MX_RTC_Init	72	static
../Core/Src/main.c:422:13:MX_TIM2_Init	64	static
../Core/Src/main.c:481:13:MX_USART2_UART_Init	8	static
../Core/Src/main.c:514:13:MX_GPIO_Init	48	static
../Core/Src/main.c:564:6:Error_Handler	4	static,ignoring_inline_asm
